    
Sat Jun  6 10:28:59 UTC 2026
User doesn't exist
Users_List:
root
daemon
bin
sys
sync
games
man
lp
mail
news
uucp
proxy
www-data
backup
list
irc
_apt
nobody
systemd-network
systemd-timesync
dhcpcd
messagebus
syslog
systemd-resolve
uuidd
landscape
polkitd
mithuna
dnsmasq
MM
John
devops1
Ravi
Mini
ravi
Mahe
dev
User Created Successfully
New User Details: uid=1010(m) gid=1010(m) groups=1010(m)
Locking User:
User Locked successfully
Unlocking User
Unlocking User is successfull
Deleting User
User delted successfully
    
Sat Jun  6 10:31:41 UTC 2026
User doesn't exist
Users_List:
root
daemon
bin
sys
sync
games
man
lp
mail
news
uucp
proxy
www-data
backup
list
irc
_apt
nobody
systemd-network
systemd-timesync
dhcpcd
messagebus
syslog
systemd-resolve
uuidd
landscape
polkitd
mithuna
dnsmasq
MM
John
devops1
Ravi
Mini
ravi
Mahe
dev
User Created Successfully
New User Details: uid=1010(m) gid=1010(m) groups=1010(m)
Locking User:
User Locked successfully
Unlocking User
Unlocking User is successfull
Deleting User
User deleted successfully
